=== manual resume #1 at 0x777887f9 ===
Initializing wait objects...
Initializing debugger...
Initializing debugger functions...
Setting JSON memory management functions...
Getting directory information...
Initializing wait objects...
Initializing debugger...
Initializing debugger functions...
Setting JSON memory management functions...
Getting directory information...
=== manual resume #2 at 0x5753ab90 ===
Initializing wait objects...
Initializing debugger...
Initializing debugger functions...
Setting JSON memory management functions...
Getting directory information...
=== manual resume #3 at 0x5753ac80 ===
Initializing wait objects...
Initializing debugger...
Initializing debugger functions...
Setting JSON memory management functions...
Getting directory information...
Initializing wait objects...
Initializing debugger...
Initializing debugger functions...
Setting JSON memory management functions...
Getting directory information...
Initializing wait objects...
Initializing debugger...
Initializing debugger functions...
Setting JSON memory management functions...
Getting directory information...
Initializing wait objects...
Initializing debugger...
Initializing debugger functions...
Setting JSON memory management functions...
Getting directory information...
Initializing wait objects...
Initializing debugger...
Initializing debugger functions...
Setting JSON memory management functions...
Getting directory information...
Initializing wait objects...
Initializing debugger...
Initializing debugger functions...
Setting JSON memory management functions...
Getting directory information...
