INFO  Using log config file: jar:file:/G:/Tools/ghidra_12.1.2_PUBLIC/Ghidra/Framework/Generic/lib/Generic.jar!/generic.log4j.xml (LoggingInitialization)  
INFO  Using log file: C:\Users\Judi\AppData\Roaming\ghidra\ghidra_12.1.2_PUBLIC\application.log (LoggingInitialization)  
INFO  Loading user preferences: C:\Users\Judi\AppData\Roaming\ghidra\ghidra_12.1.2_PUBLIC\preferences (Preferences)  
INFO  Searching for classes... (ClassSearcher)  
INFO  Class search complete (987 ms) (ClassSearcher)  
INFO  Initializing SSL Context (DefaultSSLContextInitializer)  
INFO  Initializing Random Number Generator... (SecureRandomFactory)  
INFO  Random Number Generator initialization complete: SHA1PRNG (SecureRandomFactory)  
INFO  Trust manager disabled, cacerts have not been set (DefaultTrustManagerFactory)  
INFO  Headless startup complete (2662 ms) (AnalyzeHeadless)  
INFO  Class searcher loaded 60 extension points (20 false positives) (ClassSearcher)  
INFO  HEADLESS Script Paths:
    G:\Tools\ghidra_12.1.2_PUBLIC\Ghidra\Debug\Debugger-rmi-trace\ghidra_scripts
    G:\Tools\ghidra_12.1.2_PUBLIC\Ghidra\Features\MicrosoftCodeAnalyzer\ghidra_scripts
    G:\Tools\ghidra_12.1.2_PUBLIC\Ghidra\Features\BytePatterns\ghidra_scripts
    G:\Tools\ghidra_12.1.2_PUBLIC\Ghidra\Features\DecompilerDependent\ghidra_scripts
    G:\Tools\ghidra_12.1.2_PUBLIC\Ghidra\Features\FileFormats\ghidra_scripts
    G:\Tools\ghidra_12.1.2_PUBLIC\Ghidra\Features\GnuDemangler\ghidra_scripts
    G:\Tools\ghidra_12.1.2_PUBLIC\Ghidra\Debug\Debugger\ghidra_scripts
    G:\Tools\ghidra_12.1.2_PUBLIC\Ghidra\Extensions\ghidra-emotionengine-reloaded\ghidra_scripts
    G:\Tools\ghidra_12.1.2_PUBLIC\Ghidra\Features\Base\ghidra_scripts
    G:\Tools\ghidra_12.1.2_PUBLIC\Ghidra\Processors\8051\ghidra_scripts
    G:\Tools\ghidra_12.1.2_PUBLIC\Ghidra\Features\FunctionID\ghidra_scripts
    G:\Tools\ghidra_12.1.2_PUBLIC\Ghidra\Features\BSim\ghidra_scripts
    G:\Tools\ghidra_12.1.2_PUBLIC\Ghidra\Features\PyGhidra\ghidra_scripts
    G:\Tools\ghidra_12.1.2_PUBLIC\Ghidra\Features\VersionTracking\ghidra_scripts
    G:\Tools\ghidra_12.1.2_PUBLIC\Ghidra\Features\PDB\ghidra_scripts
    G:\Tools\ghidra_12.1.2_PUBLIC\Ghidra\Features\SystemEmulation\ghidra_scripts
    G:\Tools\ghidra_12.1.2_PUBLIC\Ghidra\Features\Decompiler\ghidra_scripts
    G:\Tools\ghidra_12.1.2_PUBLIC\Ghidra\Features\SwiftDemangler\ghidra_scripts
    G:\Tools\ghidra_12.1.2_PUBLIC\Ghidra\Features\WildcardAssembler\ghidra_scripts
    G:\VibeRE\GiantsRE\scripts
    G:\Tools\ghidra_12.1.2_PUBLIC\Ghidra\Processors\PIC\ghidra_scripts
    G:\Tools\ghidra_12.1.2_PUBLIC\Ghidra\Processors\DATA\ghidra_scripts
    G:\Tools\ghidra_12.1.2_PUBLIC\Ghidra\Processors\Atmel\ghidra_scripts
    G:\Tools\ghidra_12.1.2_PUBLIC\Ghidra\Processors\JVM\ghidra_scripts
    G:\Tools\ghidra_12.1.2_PUBLIC\Ghidra\Extensions\ghidra-lx-loader\ghidra_scripts (HeadlessAnalyzer)  
INFO  HEADLESS: execution starts (HeadlessAnalyzer)  
INFO  Opening existing project: G:\VibeRE\GiantsRE\ghidra_projects_gg\GG (HeadlessAnalyzer)  
INFO  Opening project: G:\VibeRE\GiantsRE\ghidra_projects_gg\GG (HeadlessProject)  
INFO  REPORT: Processing project file: /gg_dx7r.dll (HeadlessAnalyzer)  
INFO  REPORT: Execute script: gg_dump3.java 'G:\VibeRE\GiantsRE\decompiled\gg_dx7r'  (HeadlessAnalyzer)  
INFO  SCRIPT: G:\VibeRE\GiantsRE\scripts\gg_dump3.java (HeadlessAnalyzer)  
INFO  gg_dump3.java> ok crash28BB_site -> fn FUN_100027f0 @ 0x100027F0 (GhidraScript)  
INFO  gg_dump3.java> ok crash282A -> fn FUN_100027f0 @ 0x100027F0 (GhidraScript)  
INFO  gg_dump3.java> no fn crash2780 (GhidraScript)  
INFO  REPORT: Save succeeded for processed file: /gg_dx7r.dll (HeadlessAnalyzer)  
